[backblue.gif]
[fade.gif]
[index.html]
[www.surrey.ac.uk/themes/custom/surrey/favicon.ico]
[www.surrey.ac.uk/sites/default/files/css/css_JQyZ9StD4-4I5jikYtL8icbvn1b-f6xMTWUzpXDhKlc.css]
[www.surrey.ac.uk/sites/default/files/css/css_vmbGyozoPa0rLTd3h5YdlAL34HV2PSCQSqizezThoFo.css]
[www.googleoptimize.com/optimize5243.js]
[www.surrey.ac.uk/themes/custom/surrey/assets/dist/fonts/proxima-nova/webfonts/352B6B_1_0.woff2]
[www.surrey.ac.uk/themes/custom/surrey/assets/dist/fonts/proxima-nova/webfonts/352B6B_3_0.woff2]
[www.surrey.ac.uk/themes/custom/surrey/assets/dist/fonts/proxima-nova/webfonts/352B6B_2_0.woff2]
[www.surrey.ac.uk/favicon-v1.ico]
[www.surrey.ac.uk/apple-touch-icon.png]
[www.surrey.ac.uk/manifest.json]
[www.surrey.ac.uk/sites/default/files/styles/40xauto/public/2022-10/openday2022-mob5c64.jpg]
[www.surrey.ac.uk/sites/default/files/styles/500x230/public/2022-10/openday2022-mob45fb.jpg]
[www.surrey.ac.uk/sites/default/files/styles/40xauto/public/2022-10/openday2022-tabd631.jpg]
[www.surrey.ac.uk/sites/default/files/styles/600x300_2_1/public/2022-10/openday2022-tabfb50.jpg]
[www.surrey.ac.uk/sites/default/files/styles/40xauto/public/2022-10/openday2022-dt29fc.jpg]
[www.surrey.ac.uk/sites/default/files/styles/1110x400/public/2022-10/openday2022-dt2ce0.jpg]
[www.surrey.ac.uk/sites/default/files/styles/300xauto/public/2022-10/GUG-2023_0fec6.png]
[www.surrey.ac.uk/sites/default/files/styles/1110x400/public/2022-10/duotone_swimmingfd7e.jpg]
[www.surrey.ac.uk/sites/default/files/styles/1110x400/public/2022-10/SurreySkyscenecd7b.jpg]
[www.surrey.ac.uk/sites/default/files/styles/1110x400/public/2022-09/Lecture Series SIB 1500x4709c03.jpg]
[www.surrey.ac.uk/sites/default/files/styles/editorial_thumbnail/public/2022-11/GettyImages-1321512901de21.jpg]
[www.surrey.ac.uk/sites/default/files/styles/editorial_thumbnail/public/2022-11/cvssp-videogame8022.png]
[www.surrey.ac.uk/sites/default/files/styles/editorial_thumbnail/public/2022-11/GettyImages-1270911623 (1)3b82.jpg]
[www.surrey.ac.uk/sites/default/files/styles/640x400_16_10/public/2022-11/IMG_0009DOK Heat Islands_0ba46.jpg]
[www.surrey.ac.uk/sites/default/files/styles/640x400_16_10/public/2019-02/DSC_141651e7.jpg]
[www.surrey.ac.uk/sites/default/files/styles/640x400_16_10/public/2022-10/Roland Clift 1500x470ba8a.png]
[www.surrey.ac.uk/sites/default/files/styles/640x360_16_9/public/2018-02/homepage-research-2f451.jpg]
[www.surrey.ac.uk/sites/default/files/styles/640x360_16_9/public/2021-02/5g-innovation-centre-top-banner-2d3cd.jpg]
[www.surrey.ac.uk/sites/default/files/styles/640x360_16_9/public/2020-04/Global Impact MAIN2ef4.jpg]
[www.surrey.ac.uk/sites/default/files/styles/640x360_16_9/public/2018-08/banner stag 12277_Stag (1)676b.jpg]
[www.surrey.ac.uk/sites/default/files/styles/640x360_16_9/public/2018-12/homepage-alumni-highlight-1bd29.jpg]
[www.surrey.ac.uk/sites/default/files/styles/640x360_16_9/public/2018-02/homepage-giving-282ad.jpg]
[pbs.twimg.com/profile_images/1572144393884209154/0lMcjQWe_normal.jpg]
[www.surrey.ac.uk/sites/default/files/2022-08/campus-map.pdf]
[www.surrey.ac.uk/sites/default/files/2022-03/modern-slavery-statement.pdf]
[www.surrey.ac.uk/index.html]
[www.surrey.ac.uk/sites/default/files/css/css_JQyZ9StD4-4I5jikYtL8icbvn1b-f6xMTWUzpXDhKlc.css]
[www.surrey.ac.uk/sites/default/files/js/js_E5REvCT1Gl5GnJ7_FzvcEQVOiwI57TTv1hP7D9aC9Co.js]
[www.surrey.ac.uk/themes/custom/surrey/assets/dist/fonts/proxima-nova/webfonts/352B6B_0_0.eot]
[www.surrey.ac.uk/themes/custom/surrey/assets/dist/fonts/proxima-nova/webfonts/352B6B_0_0.woff2]
[www.surrey.ac.uk/themes/custom/surrey/assets/dist/fonts/proxima-nova/webfonts/352B6B_0_0.woff]
[www.surrey.ac.uk/themes/custom/surrey/assets/dist/fonts/proxima-nova/webfonts/352B6B_0_0.ttf]
[www.surrey.ac.uk/themes/custom/surrey/assets/dist/fonts/proxima-nova/webfonts/352B6B_1_0.eot]
[www.surrey.ac.uk/themes/custom/surrey/assets/dist/fonts/proxima-nova/webfonts/352B6B_1_0.woff]
[www.surrey.ac.uk/themes/custom/surrey/assets/dist/fonts/proxima-nova/webfonts/352B6B_1_0.ttf]
[www.surrey.ac.uk/themes/custom/surrey/assets/dist/fonts/proxima-nova/webfonts/352B6B_2_0.eot]
[www.surrey.ac.uk/themes/custom/surrey/assets/dist/fonts/proxima-nova/webfonts/352B6B_2_0.woff]
[www.surrey.ac.uk/themes/custom/surrey/assets/dist/fonts/proxima-nova/webfonts/352B6B_2_0.ttf]
[www.surrey.ac.uk/themes/custom/surrey/assets/dist/fonts/proxima-nova/webfonts/352B6B_3_0.eot]
[www.surrey.ac.uk/themes/custom/surrey/assets/dist/fonts/proxima-nova/webfonts/352B6B_3_0.woff]
[www.surrey.ac.uk/themes/custom/surrey/assets/dist/fonts/proxima-nova/webfonts/352B6B_3_0.ttf]
[www.surrey.ac.uk/sites/default/files/css/css_vmbGyozoPa0rLTd3h5YdlAL34HV2PSCQSqizezThoFo.css]
[www.surrey.ac.uk/favicon-v1.svg]
[www.surrey.ac.uk/sites/default/files/css/css_MVgcVbnK-Zg69EdYZmC0iPxMnw4D94-lAlLqPBsSTvs.css]
[www.surrey.ac.uk/cookies.html]
[www.surrey.ac.uk/themes/custom/surrey/logo.svg]
[www.surrey.ac.uk/sites/default/files/js/js_xSZufQADL6SmtmXfRn3So0yQdIWRsA2Oo0lnmZCQnsI.js]
[www.surrey.ac.uk/sites/default/files/css/css_sL5sOuxyrNbngfDF_Y0tv9RFqqqWLsza3lnvu-avXkE.css]
[www.surrey.ac.uk/sites/default/files/2020-03/mfa-quick-start-guide-v5.pdf]
[www.surrey.ac.uk/sites/default/files/2022-06/globalprotect-instruction-for-university-provided-laptop.pdf]
[www.surrey.ac.uk/sites/default/files/2022-06/globalprotect-instructions-for-personal-device.pdf]
[www.surrey.ac.uk/sites/default/files/2022-03/connecting-to-the-virtual-desktop-service.pdf]
[www.surrey.ac.uk/information-university-surrey-staff.html]
[www.surrey.ac.uk/sites/default/files/js/js_bCL8M8VQ_3zJXVkUbekbcbJ95qgyGVABw4rDit7jPzk.js]
[www.surrey.ac.uk/sites/default/files/css/css_cSJ0itZdOI_sO8XY7z8fZr5aTmElZONe9u2yT7C15VQ.css]
[www.surrey.ac.uk/sites/default/files/css/css_Y9FdctOAFKohW247KvjFoBFBfCYxtKpGbUr-PsnbA9o.css]
[www.surrey.ac.uk/sites/default/files/styles/banner_image_1500x330/public/2022-02/TFSS_site-section3acd.png]
[www.surrey.ac.uk/sites/default/files/styles/medium/public/2022-02/TFSS_Logos_Primary_White_RGB5254.png]
[www.surrey.ac.uk/sites/default/files/styles/640x360_16_9/public/2018-10/Giving-homepaged90b.jpg]
[www.surrey.ac.uk/sites/default/files/styles/640x360_16_9/public/2018-10/Benefits-homepage2738.jpg]
[www.surrey.ac.uk/sites/default/files/styles/640x360_16_9/public/2018-10/Share-your-story-homepageedad.jpg]
[www.surrey.ac.uk/sites/default/files/styles/640x360_16_9/public/2022-02/SurreyConnects 5.00_00_21_13.Still003fbb5.jpg]
[www.surrey.ac.uk/sites/default/files/styles/banner_image_1500x470/public/2022-02/TFSS_webassets_CTA_v2[2]c720.jpg]
[www.surrey.ac.uk/sites/default/files/styles/editorial_thumbnail/public/2022-11/Surrey Pioneers Logo Teaserb2c5.jpg]
[www.surrey.ac.uk/sites/default/files/styles/editorial_thumbnail/public/2022-11/gsa autumn8e8d.png]
[www.surrey.ac.uk/sites/default/files/styles/editorial_thumbnail/public/2022-10/Edit Pancreas0ac0.jpg]
[www.surrey.ac.uk/sites/default/files/styles/640x400_16_10/public/2022-10/2017 SHTM winter banner5abc.jpg]
[www.surrey.ac.uk/sites/default/files/styles/640x400_16_10/public/2018-09/GettyImages-823740714-CROPPEDc6e3.jpg]
[www.surrey.ac.uk/sites/default/files/styles/640x400_16_10/public/2022-11/GettyImages-527220496 (1)cf01.jpg]
[www.surrey.ac.uk/sites/default/files/styles/640x360_16_9/public/2018-01/alumni-highlight-1b028.jpg]
[www.surrey.ac.uk/sites/default/files/styles/640x360_16_9/public/2018-01/alumni-highlight-27bac.jpg]
[pbs.twimg.com/profile_images/1572173876016173059/pXGOAhsE_normal.png]
[www.surrey.ac.uk/themes/custom/surrey/assets/dist/img/map.jpg]
[www.surrey.ac.uk/alumni.html]
[www.surrey.ac.uk/sites/default/files/js/js_sjL02OWTvvq_B2pORzJ3o7cUt0oaVvk6X9si4LaJUsQ.js]
[www.surrey.ac.uk/sites/default/files/css/css_h8FrvAwZenq-bMSzx197lZBvKq103qL6Gyap_Qz2u8s.css]
[www.surrey.ac.uk/sites/default/files/styles/banner_image_1500x330/public/2018-11/air-pollution-workshop-event-bannerb35c.jpg]
[i.ytimg.com/vi/AYrP8fHjvEM/hqdefault.jpg]
[www.surrey.ac.uk/sites/default/files/styles/banner_image_1500x470/public/2018-12/woman-machine-mechanical-cta-strip_18f3a.jpg]
[www.surrey.ac.uk/sites/default/files/styles/640x360_16_9/public/2020-10/INTERNATIONAL-STUDENTSc446.jpg]
[www.surrey.ac.uk/sites/default/files/styles/640x360_16_9/public/2020-05/Study Support buttond36e.jpg]
[www.surrey.ac.uk/sites/default/files/styles/640x360_16_9/public/2020-09/accommodationb481.jpg]
[www.surrey.ac.uk/sites/default/files/styles/640x360_16_9/public/2018-02/12542_Group of students having a picnic (1)_010ab.jpg]
[www.surrey.ac.uk/sites/default/files/styles/640x360_16_9/public/2019-11/rainbowf101.jpg]
[www.surrey.ac.uk/sites/default/files/styles/640x360_16_9/public/2018-10/research-pathology-tile22a2.jpg]
[www.surrey.ac.uk/sites/default/files/styles/medium/public/2021-09/QAP2ba8.png]
[www.surrey.ac.uk/sites/default/files/styles/medium/public/2022-10/GUG 2023 - University of the year - Shortlisted3ac5.jpg]
[www.surrey.ac.uk/sites/default/files/js/js_23frI3TrYJF_5DUeznC26j9TomdaH9nde9Uab6uSj-A.js]
[polyfill.io/v3/polyfill.minae03.js]
[www.surrey.ac.uk/sites/default/files/styles/640x360_16_9/public/2019-06/microscope-female-sustainable-printing-applied-research-knowledge-laboratory-media.136761]
[www.surrey.ac.uk/about.html]
[www.surrey.ac.uk/sites/default/files/js/js_P0vlUaM2akBWFnEuPfdr2aMDoNO_T7H1Dl99AapN2hs.js]
[www.surrey.ac.uk/sites/default/files/css/css_9h51LYZHPym8wwfJMl5DmLio32z5952E4IgZ0e6hZ08.css]
[www.surrey.ac.uk/sites/default/files/styles/medium/public/2021-11/university-of-the-year-graduate-employment-times-good-university-guide-2022-logo.1371acd.delaye]
[www.surrey.ac.uk/themes/custom/surrey/assets/dist/img/study-banner.jpg]
[www.surrey.ac.uk/sites/default/files/styles/640x360_16_9/public/2019-08/colour-run-highlight9d01.jpg]
[www.surrey.ac.uk/sites/default/files/styles/640x360_16_9/public/2018-01/apply-highlight-3650a.jpg]
[www.surrey.ac.uk/sites/default/files/styles/640x360_16_9/public/2018-01/apply-highlight-68c96.jpg]
[www.surrey.ac.uk/sites/default/files/styles/640x360_16_9/public/2018-01/361_Student-having-conversation-in-classroom-highlight_20b74.jpg]
[www.surrey.ac.uk/sites/default/files/styles/640x360_16_9/public/2018-02/students-studying-learning-centre1aa8.jpg]
[www.surrey.ac.uk/sites/default/files/styles/640x360_16_9/public/2018-07/International-pathway-programmee004.jpg]
[www.surrey.ac.uk/sites/default/files/styles/banner_image_1500x470/public/2018-01/about-cta-strip-1d35d.jpg]
[www.surrey.ac.uk/sites/default/files/styles/640x360_16_9/public/2018-01/international-english-language-testing-system-ielts-highlight-1d694.jpg]
[www.surrey.ac.uk/sites/default/files/styles/640x360_16_9/public/2021-01/Students-taking-selfie-at-the-lake5ecc.jpg]
[www.surrey.ac.uk/sites/default/files/styles/1120x480_21_9/public/2018-02/subject-page-highlight-linkaec2.jpg]
[www.surrey.ac.uk/sites/default/files/styles/editorial_thumbnail/public/2018-02/alice-goudie-student-graduate-profile-28c1f.jpg]
[www.surrey.ac.uk/sites/default/files/js/js_gAfVPWObv4mUb3mGWGQWoT0ZNSIQtCtkyoT1LgOsoMc.js]
[v4in1-si.click4assistance.co.uk/SI.js]
[www.surrey.ac.uk/sites/default/files/js/js__jVy2b_GcgAMclTt2KwcoWggMNmPLCs3LygK_05QwYI.js]
[www.surrey.ac.uk/study.html]
[www.surrey.ac.uk/sites/default/files/css/css_9daF04Kv0ZnG0xb2IwcXalKJ3owBLUSMVa0evietXxI.css]
[www.surrey.ac.uk/sites/default/files/styles/banner_image_1500x330/public/2018-02/research-top-bannere169.jpg]
[www.surrey.ac.uk/sites/default/files/styles/640x360_16_9/public/2019-04/14874_CVSSP_06d7a.jpg]
[www.surrey.ac.uk/sites/default/files/styles/640x360_16_9/public/2018-01/materials-research-highlight_03c67.jpg]
[www.surrey.ac.uk/sites/default/files/styles/banner_image_1500x470/public/2021-06/AI-institute-recruitment-cta-bannera297.jpg]
[www.surrey.ac.uk/sites/default/files/styles/editorial_thumbnail/public/2022-11/FASS Research Festival6601.jpg]
[www.surrey.ac.uk/sites/default/files/styles/640x360_16_9/public/2020-12/DSC_47097bff.jpg]
[www.surrey.ac.uk/sites/default/files/styles/640x360_16_9/public/2018-01/apply-highlight-4322d.jpg]
[www.surrey.ac.uk/sites/default/files/styles/banner_image_1500x470/public/2018-02/surrey-centre-for-cyber-security-cta-strip58f9.jpg]
[pbs.twimg.com/profile_images/730788157889859584/OrJBqk55_normal.jpg]
[www.surrey.ac.uk/research.html]
[www.surrey.ac.uk/sites/default/files/css/css_ELkMZbcA7NdUE5xU8eLAWnU1Nxe1Y5nXixrKChBXZTI.css]
[www.surrey.ac.uk/sites/default/files/styles/banner_image_1500x330/public/2019-05/5g-innovation-centre-top-banner-2dfd6.jpg]
[www.surrey.ac.uk/sites/default/files/styles/640x360_16_9/public/2020-12/Screenshot 2020-12-14 at 22.23.394885.png]
[www.surrey.ac.uk/sites/default/files/styles/640x360_16_9/public/2020-12/iStock-4934464058ce3.jpg]
[www.surrey.ac.uk/sites/default/files/styles/640x360_16_9/public/2020-12/Funding7776.jpg]
[www.surrey.ac.uk/sites/default/files/styles/640x360_16_9/public/2020-12/Screenshot 2020-12-14 at 22.25.389a20.png]
[www.surrey.ac.uk/sites/default/files/styles/640x360_16_9/public/2019-05/1673_Campus-aerial-photographb24d.jpg]
[www.surrey.ac.uk/sites/default/files/styles/640x360_16_9/public/2018-10/professional-training-placements-highlight-40f97.jpg]
[www.surrey.ac.uk/sites/default/files/styles/640x400_16_10/public/2020-12/Screenshot 2020-12-18 at 09.55.57b5cb.png]
[www.surrey.ac.uk/sites/default/files/styles/banner_image_1500x470/public/2020-09/QAP48a8.jpg]
[www.surrey.ac.uk/sites/default/files/styles/editorial_thumbnail/public/2022-07/Innovationevent91ea.png]
[www.surrey.ac.uk/sites/default/files/styles/editorial_thumbnail/public/2022-07/researcher-card4ab6.jpg]
[www.surrey.ac.uk/sites/default/files/styles/editorial_thumbnail/public/2021-02/Long Covid patient at home9b75.jpg]
[www.surrey.ac.uk/sites/default/files/styles/medium/public/2020-12/Jasmine Instant Swim2422.png]
[www.surrey.ac.uk/sites/default/files/styles/medium/public/2020-12/PavlosGd548.jpg]
[www.surrey.ac.uk/sites/default/files/styles/medium/public/2021-01/Screenshot 2021-01-15 at 16.34.36_06137.png]
[www.surrey.ac.uk/sites/default/files/styles/medium/public/2018-01/surrey-county-council-logo9414.jpg]
[www.surrey.ac.uk/sites/default/files/styles/medium/public/2020-11/EvaBb6b5.jpg]
[www.surrey.ac.uk/sites/default/files/styles/medium/public/2020-12/Mantle-Labs-Logo-sq9e7b.png]
[www.surrey.ac.uk/sites/default/files/styles/medium/public/2020-12/GeoffK4839.jpg]
[www.surrey.ac.uk/sites/default/files/styles/medium/public/2021-03/Smart Seperations Office Packeefc.png]
[www.surrey.ac.uk/sites/default/files/styles/640x360_16_9/public/2020-12/face-mask-covid-media6d46.jpg]
[www.surrey.ac.uk/sites/default/files/styles/640x360_16_9/public/2018-03/Fundingf080.jpg]
[pbs.twimg.com/profile_images/1224276050315706368/frM1EY5T_normal.png]
[www.surrey.ac.uk/innovation.html]
[www.surrey.ac.uk/sites/default/files/js/js_ZK4HuMvsV6LLZml8V5hUugC-cez3ZUrXvbzgmxRWbIg.js]
[www.surrey.ac.uk/sites/default/files/css/css_kXIifsIfE0rb1ew3OZash0KpPDTs4ZbcpdTXFq6oy8U.css]
[www.surrey.ac.uk/sites/default/files/styles/editorial_thumbnail/public/2022-06/The future says aime53a.jpg]
[www.surrey.ac.uk/sites/default/files/styles/editorial_thumbnail/public/2020-04/PS - AFb65f.png]
[www.surrey.ac.uk/sites/default/files/styles/editorial_thumbnail/public/2021-02/aerial-view-battersea530a.jpg]
[www.surrey.ac.uk/sites/default/files/styles/editorial_thumbnail/public/2018-06/162_Stageb4c.jpg]
[www.surrey.ac.uk/sites/default/files/styles/editorial_thumbnail/public/2018-01/3369_Postgraduate and placement students in library4f43.jpg]
[www.surrey.ac.uk/sites/default/files/styles/editorial_thumbnail/public/2020-08/Health and Wellbeing support4ce1.jpg]
[www.surrey.ac.uk/sites/default/files/styles/editorial_thumbnail/public/2020-04/campus tour_04fdc.jpg]
[www.surrey.ac.uk/sites/default/files/styles/editorial_thumbnail/public/2020-03/UG_student_campus-3629df.jpg]
[www.surrey.ac.uk/sites/default/files/styles/editorial_thumbnail/public/2020-03/eng-careers-panel-18e0c1.jpg]
[www.surrey.ac.uk/alumni/giving.html]
[www.surrey.ac.uk/sites/default/files/js/js_OnFV1F1q5D2zD61Kvy6p8kWe2Xrq-LWZGDC7SWCnbN4.js]
[www.surrey.ac.uk/sites/default/files/css/css_e7eCckv_K7HJA8cD-r4rcFHmiRPAGv9u7qFFI7sTPow.css]
[www.surrey.ac.uk/sites/default/files/styles/banner_image_1500x330/public/2018-01/visit-university-top-banner7385.jpg]
[www.surrey.ac.uk/sites/default/files/styles/640x360_16_9/public/2018-01/visit-university-highlight-1fb23.jpg]
[www.surrey.ac.uk/sites/default/files/styles/640x360_16_9/public/2021-01/car-parking_03c77.jpg]
[www.surrey.ac.uk/sites/default/files/styles/640x360_16_9/public/2018-01/visit-university-highlight-41d64.jpg]
[www.surrey.ac.uk/sites/default/files/styles/640x360_16_9/public/2019-07/female-student-library-study-laptop-computer-highlightd81d.jpg]
[www.surrey.ac.uk/sites/default/files/styles/640x360_16_9/public/2018-01/visit-university-highlight-51249.jpg]
[www.surrey.ac.uk/sites/default/files/styles/640x360_16_9/public/2020-03/headway-5QgIuuBxKwM-unsplash3089.jpg]
[www.surrey.ac.uk/sites/default/files/styles/640x360_16_9/public/2018-06/4231_Rik Medlik7531.jpg]
[www.surrey.ac.uk/sites/default/files/styles/640x360_16_9/public/2021-03/weyside-pub8dcf.jpg]
[www.surrey.ac.uk/visit-university.html]
[www.surrey.ac.uk/sites/default/files/css/css_0uGsV7oLQEUlpf5sjxlfZEiQ3PYB8fucu_fzGksSLpQ.css]
[www.surrey.ac.uk/sites/default/files/styles/640x360_16_9/public/2018-09/Main Stagc391.jpg]
[www.surrey.ac.uk/sites/default/files/styles/640x360_16_9/public/2018-04/students-editorial-image1ea9.jpg]
[www.surrey.ac.uk/sites/default/files/styles/banner_image_1500x470/public/2018-09/about-facts-figures-history-cta-strip10db.jpg]
[www.surrey.ac.uk/about/facts.html]
[www.surrey.ac.uk/sites/default/files/css/css_X308lnO0oAA4cVFeiiezsmzwZiIylqVCSPsks8X28io.css]
[www.surrey.ac.uk/about/facts/key-dates.html]
[www.surrey.ac.uk/sites/default/files/js/js_PQJfVPqWLu8l5Gd72uew6PTNO5MNwXfGOWgjf0rj7JE.js]
[www.surrey.ac.uk/sites/default/files/css/css_4oNVHHDqgbP1X6epsaOXXqmusxusp3u-54xG_3QM2yE.css]
[www.surrey.ac.uk/about/facts/rankings-and-league-tables.html]
[www.surrey.ac.uk/sites/default/files/css/css_-M10tNJ8bbVPlC-09Ky2-isN159FMvrrCTcsXLXlITM.css]
[www.surrey.ac.uk/sites/default/files/2021-03/student-key-facts.pdf]
[www.surrey.ac.uk/sites/default/files/2020-01/r40-u-student-key-facts.pdf]
[www.surrey.ac.uk/sites/default/files/2019-01/student-key-facts-2018-19.pdf]
[www.surrey.ac.uk/sites/default/files/2018-09/student-key-facts-2017-18.pdf]
[www.surrey.ac.uk/sites/default/files/R40_Student_Key_Facts_2016_17_all.pdf]
[www.surrey.ac.uk/sites/default/files/R40-Student-Key-Facts-Merged.pdf]
[www.surrey.ac.uk/sites/default/files/student-key-facts-2014-15.pdf]
[www.surrey.ac.uk/sites/default/files/student-key-facts-2013-14.pdf]
[www.surrey.ac.uk/sites/default/files/student-key-facts-2012-13.pdf]
[www.surrey.ac.uk/sites/default/files/student-key-facts-2011-12.pdf]
[www.surrey.ac.uk/about/facts/student-numbers.html]
[www.surrey.ac.uk/sites/default/files/css/css_KwH6izDEQvx_oLksjMKKporFRS_3s0J9OyZtm9ezzA4.css]
[www.surrey.ac.uk/sites/default/files/2021-12/annual-report-and-financial-statements-2020-21.pdf]
[www.surrey.ac.uk/sites/default/files/2021-02/financial-statements-2019-20.pdf]
[www.surrey.ac.uk/sites/default/files/2019-12/financial-statements-2018-19.pdf]
[www.surrey.ac.uk/sites/default/files/2019-01/financial-statements2017-18.pdf]
[www.surrey.ac.uk/sites/default/files/University of Surrey Financial Statements 2016-17.pdf]
[www.surrey.ac.uk/sites/default/files/2018-08/financial-statement-2015-2016.pdf]
[www.surrey.ac.uk/sites/default/files/2018-08/financial-statement-2014-2015.pdf]
[www.surrey.ac.uk/sites/default/files/2018-08/financial-statement-2013-2014.pdf]
[www.surrey.ac.uk/sites/default/files/2018-08/financial-statement-2012-2013.pdf]
[www.surrey.ac.uk/sites/default/files/2018-08/financial-statement-2011-2012pdf.pdf]
[www.surrey.ac.uk/sites/default/files/2021-01/university-of-surrey-economic-impact-2018-19.pdf]
[www.surrey.ac.uk/about/management/financial-statements.html]
[www.surrey.ac.uk/sites/default/files/css/css_ndVeOgDLlPUrlGLxQL_lneSYt4X1pcDS0JFnnYKStdA.css]
[i.ytimg.com/vi/eVY2rG00D6Q/maxresdefault.jpg]
[www.surrey.ac.uk/about/facts/our-history.html]
[www.surrey.ac.uk/sites/default/files/css/css_tozLwzYq58KzEhQb2ba1kaVIr5iNK-R9pZVQ96h2osw.css]
[www.surrey.ac.uk/sites/default/files/styles/diamond_shape_250x250/public/2022-03/prof-max-lu-diamond-300x300e960.jpg]
[www.surrey.ac.uk/sites/default/files/2022-09/executive-board-chart.pdf]
[www.surrey.ac.uk/sites/default/files/Driving-Positive-Change-University-of-Surrey-Impact-Report-2016.pdf]
[www.surrey.ac.uk/sites/default/files/Measuring-Up-Social-Impact-Report.pdf]
[www.surrey.ac.uk/sites/default/files/2018-06/measuring-up-social-impact-report-2016-17.pdf]
[www.surrey.ac.uk/sites/default/files/2019-02/measuring-up-social-impact-report-17-18.pdf]
[www.surrey.ac.uk/about/management.html]
[www.surrey.ac.uk/about/management/vice-chancellors-office.html]
[www.surrey.ac.uk/sites/default/files/css/css_l0lpj06mZ1MhaIBCqyUNkZcfG9GVqbqCSahoiyvxBGM.css]
[www.surrey.ac.uk/sites/default/files/styles/image_150x150_scale_and_crop/public/2018-02/max-lu-staff_03a12.jpg]
[www.surrey.ac.uk/sites/default/files/styles/image_150x150_scale_and_crop/public/2022-11/tim-dunne1cf7.jpg]
[www.surrey.ac.uk/sites/default/files/styles/image_150x150_scale_and_crop/public/2021-01/AC Picture68b6.jpg]
[www.surrey.ac.uk/sites/default/files/styles/image_150x150_scale_and_crop/public/2019-01/martine-carter_0ff9c.jpg]
[www.surrey.ac.uk/sites/default/files/styles/image_150x150_scale_and_crop/public/2021-02/Willf1e7.jpg]
[www.surrey.ac.uk/sites/default/files/styles/image_150x150_scale_and_crop/public/2022-02/patrick-degg8308.jpg]
[www.surrey.ac.uk/sites/default/files/styles/image_150x150_scale_and_crop/public/2018-02/Philip Grainge profile173f.jpg]
[www.surrey.ac.uk/sites/default/files/styles/image_150x150_scale_and_crop/public/2020-01/osama-khanfcc6.jpg]
[www.surrey.ac.uk/sites/default/files/styles/image_150x150_scale_and_crop/public/2022-07/kerry-matthews5ee7.jpg]
[www.surrey.ac.uk/sites/default/files/styles/image_150x150_scale_and_crop/public/2022-09/bob-nichol63b0.jpg]
[www.surrey.ac.uk/sites/default/files/styles/image_150x150_scale_and_crop/public/2018-05/Bran Nicol_0f2b9.jpg]
[www.surrey.ac.uk/sites/default/files/styles/image_150x150_scale_and_crop/public/2021-03/paul-townsend0370.jpg]
[www.surrey.ac.uk/sites/default/files/2022-03/eb-travel-expenses-aug-21-jan-22.pdf]
[www.surrey.ac.uk/sites/default/files/2021-09/eb-expenses-aug-20-july-21.pdf]
[www.surrey.ac.uk/sites/default/files/2020-12/executive-board-expenses-august-2019-july-2020.pdf]
[www.surrey.ac.uk/sites/default/files/2021-01/executive-board-terms-reference-membership.pdf]
[www.surrey.ac.uk/about/management/executive-board.html]
[www.surrey.ac.uk/sites/default/files/css/css_DZZIsfBVr7z3MCotwwHdOZICefYRza3G86eNCPfAheI.css]
[www.surrey.ac.uk/sites/default/files/styles/banner_image_1500x330/public/2021-09/strategy-stag-statue-campus-top-banner_015d8.jpg]
[www.surrey.ac.uk/sites/default/files/corporate-strategy-2017-2022.pdf]
[www.surrey.ac.uk/sites/default/files/2021-09/forward_thinking_and_doing_2021.pdf]
[www.surrey.ac.uk/sites/default/files/styles/640x360_16_9/public/2018-10/3291_Students Outside Library (1)4601.jpg]
[www.surrey.ac.uk/sites/default/files/styles/640x360_16_9/public/2018-12/highlights-link-lab1afb.jpg]
[www.surrey.ac.uk/sites/default/files/styles/640x360_16_9/public/2019-11/cvssp-people-meeting-group-media0201.jpg]
[www.surrey.ac.uk/sites/default/files/styles/640x360_16_9/public/2021-01/psychology-postgraduate-media-1_07b0d.jpg]
[www.surrey.ac.uk/sites/default/files/styles/editorial_thumbnail/public/2021-03/AdrianHilton_pillarsac47.jpg]
[www.surrey.ac.uk/sites/default/files/styles/editorial_thumbnail/public/2021-09/5G Innovation Centre23f1.jpg]
[www.surrey.ac.uk/sites/default/files/styles/editorial_thumbnail/public/2020-05/342_Students outside the Learning Resource Centre 6de6.jpg]
[www.surrey.ac.uk/sites/default/files/styles/banner_image_1500x470/public/2022-05/surrey-showcase-live-20225321.jpg]
[www.surrey.ac.uk/about/strategy.html]
[www.surrey.ac.uk/sites/default/files/css/css_jLQM5ZsKg9rk7RSNvGwi0i2AVQieJDsWG1fuq7mLwXk.css]
[www.surrey.ac.uk/sites/default/files/styles/banner_image_1500x330/public/2022-05/surrey-showcase-banner4a51.jpg]
[www.surrey.ac.uk/sites/default/files/2022-03/ref-2021-brochure.pdf]
[i.ytimg.com/vi/2NSj-GTii9o/hqdefault.jpg]
[i.ytimg.com/vi/QpUBAjL_sQ8/hqdefault.jpg]
[i.ytimg.com/vi/2jutQWZrpOY/hqdefault.jpg]
[i.ytimg.com/vi/t8r308HBrQ8/hqdefault.jpg]
[i.ytimg.com/vi/h7MB5xwCSFU/hqdefault.jpg]
[i.ytimg.com/vi/67v7OvQF2QY/hqdefault.jpg]
[i.ytimg.com/vi/MZlCxRvKdHg/hqdefault.jpg]
[i.ytimg.com/vi/5LDDkVmnhiI/hqdefault.jpg]
[www.surrey.ac.uk/sites/default/files/2021-07/surrey-showcase-brochure-2021.pdf]
[www.surrey.ac.uk/sites/default/files/2020-07/surrey-showcase-2020-final_0.pdf]
[www.surrey.ac.uk/sites/default/files/2019-01/annual-review-2018.pdf]
[www.surrey.ac.uk/sites/default/files/The Surrey Ambition - brochure.pdf]
[www.surrey.ac.uk/sites/default/files/annual_review_2016.pdf]
[www.surrey.ac.uk/sites/default/files/Surrey-Annual-Review-2015.pdf]
[www.surrey.ac.uk/sites/default/files/university-of-surrey-annual-review-2014_0.pdf]
[www.surrey.ac.uk/sites/default/files/University of Surrey Annual Review 2013.pdf]
[www.surrey.ac.uk/sites/default/files/university-of-surrey-annual-review-2012.pdf]
[www.surrey.ac.uk/sites/default/files/university-of-surrey-annual-review-2011.pdf]
[www.surrey.ac.uk/sites/default/files/university-of-surrey-annual-review-2010.pdf]
[www.surrey.ac.uk/sites/default/files/js/js_jZ8TuKlM3CZH4NDb3RGal0JWqWS3H_-oicnYY7LAjSg.js]
[www.surrey.ac.uk/sites/default/files/js/js_VnHJUSwQLqIZyTTIXnX_07IfiJ_kdwKiKIK2eFL6tO8.js]
[www.surrey.ac.uk/about/strategy/surrey-showcase.html]
[www.surrey.ac.uk/sites/default/files/2022-01/degree-outcomes-statement.pdf]
[www.surrey.ac.uk/about/governance.html]
[www.surrey.ac.uk/sites/default/files/css/css_Wr-9soNT3MK1VQh5oY5nAtZbFILM5-HJBH7nt6ilK90.css]
[www.surrey.ac.uk/sites/default/files/styles/banner_image_1500x330/public/2019-10/information-management-top-banner277a.jpg]
[www.surrey.ac.uk/sites/default/files/styles/640x360_16_9/public/2019-09/smart-app-phone-mobile-icons-highlight-links_0a008.jpg]
[www.surrey.ac.uk/sites/default/files/styles/640x360_16_9/public/2019-10/padlock-blue-laptop-keyboard-computer-data-security-highlight-grid2cdf.jpg]
[www.surrey.ac.uk/sites/default/files/styles/640x360_16_9/public/2018-05/Main Digital Data Privacya2a7.jpg]
[www.surrey.ac.uk/sites/default/files/styles/1120x480_21_9/public/2019-10/man-laptop-typing-highlight-links43fe.jpg]
[www.surrey.ac.uk/information-governance.html]
[www.surrey.ac.uk/sites/default/files/css/css_zhsNEyGL2G7srnPIeWXBRHA_1jrEgJ6K6iKiCZ--ED8.css]
[www.surrey.ac.uk/sites/default/files/css/css_BA9_FN1MyQ8uEU0fl4KF34nftCXkxmNoM0QLh54tDms.css]
[www.surrey.ac.uk/sites/default/files/styles/image_350x350/public/2022-10/Edit Pancreas_0c80d.jpg]
[www.surrey.ac.uk/gateway/rss/rss.xml]
[www.surrey.ac.uk/sites/default/files/styles/editorial_thumbnail/public/2022-11/GettyImages-13884207403f23.jpg]
[www.surrey.ac.uk/sites/default/files/styles/editorial_thumbnail/public/2021-09/education-card37ca.jpg]
[pbs.twimg.com/profile_images/444502380093001728/biged01j_normal.jpg]
[www.surrey.ac.uk/sites/default/files/js/js_ndoG4DL4p2kiTcNLcQgrCl_wWyp--vJ6OcL7CVUE_Ck.js]
[www.surrey.ac.uk/news.html]
[www.surrey.ac.uk/sites/default/files/js/js_D93iUkE-VSS2Ueds2aGjdSnQ4STzvuPglCvKo2uEOUA.js]
[www.surrey.ac.uk/sites/default/files/css/css_WDinhNoWp5xhFxMsJ_pt1YjT6SOs7895jHzqm_0fGb8.css]
[www.surrey.ac.uk/sites/default/files/styles/banner_image_1500x330/public/2019-05/news-banner0006.jpg]
[www.surrey.ac.uk/sites/default/files/styles/image_150x150_scale_and_crop/public/2020-08/derk-jan-dijka5d0.jpg]
[www.surrey.ac.uk/sites/default/files/styles/image_150x150_scale_and_crop/public/2018-01/Rahim Tafazolli0136.jpg]
[www.surrey.ac.uk/sites/default/files/styles/image_150x150_scale_and_crop/public/2019-02/Alan Woodwardc3bd.jpg]
[www.surrey.ac.uk/sites/default/files/styles/image_150x150_scale_and_crop/public/2021-07/ravi-silva7c9f.jpg]
